// Jest Snapshot v1, https://goo.gl/fbAQLP

exports[`HeaderComponent should render initial state 1`] = `
<termo-header
  headerFacade={[Function MockHeaderFacade]}
  progress$={[Function ReplaySubject]}
  refreshing$={[Function ReplaySubject]}
>
  <header>
    <termo-refresh-button>
      Odśwież
    </termo-refresh-button>
  </header>
</termo-header>
`;
